[wpocean.com/html/tf/loveme/index.html]
[wpocean.com/html/tf/loveme/assets/images/favicon.png]
[backblue.gif]
[fade.gif]
[index.html]
[wpocean.com/html/tf/loveme/assets/css/themify-icons.css]
[wpocean.com/html/tf/loveme/assets/css/font-awesome.min.css]
[wpocean.com/html/tf/loveme/assets/css/flaticon.css]
[wpocean.com/html/tf/loveme/assets/css/bootstrap.min.css]
[wpocean.com/html/tf/loveme/assets/css/animate.css]
[wpocean.com/html/tf/loveme/assets/css/owl.carousel.css]
[wpocean.com/html/tf/loveme/assets/css/owl.theme.css]
[wpocean.com/html/tf/loveme/assets/css/slick.css]
[wpocean.com/html/tf/loveme/assets/css/slick-theme.css]
[wpocean.com/html/tf/loveme/assets/css/swiper.min.css]
[wpocean.com/html/tf/loveme/assets/css/nice-select.css]
[wpocean.com/html/tf/loveme/assets/css/owl.transitions.css]
[wpocean.com/html/tf/loveme/assets/css/jquery.fancybox.css]
[wpocean.com/html/tf/loveme/assets/css/odometer-theme-default.css]
[wpocean.com/html/tf/loveme/assets/css/style.css]
[wpocean.com/html/tf/loveme/assets/images/logo.png]
[wpocean.com/html/tf/loveme/index-2.html]
[wpocean.com/html/tf/loveme/index-3.html]
[wpocean.com/html/tf/loveme/index-4.html]
[wpocean.com/html/tf/loveme/index-5.html]
[wpocean.com/html/tf/loveme/index-7.html]
[wpocean.com/html/tf/loveme/index-6.html]
[wpocean.com/html/tf/loveme/about.html]
[wpocean.com/html/tf/loveme/story.html]
[wpocean.com/html/tf/loveme/accomodation.html]
[wpocean.com/html/tf/loveme/rsvp.html]
[wpocean.com/html/tf/loveme/gallery.html]
[wpocean.com/html/tf/loveme/planner.html]
[wpocean.com/html/tf/loveme/team-single.html]
[wpocean.com/html/tf/loveme/groom-bride.html]
[wpocean.com/html/tf/loveme/service.html]
[wpocean.com/html/tf/loveme/service-s2.html]
[wpocean.com/html/tf/loveme/service-single.html]
[wpocean.com/html/tf/loveme/pricing.html]
[wpocean.com/html/tf/loveme/login.html]
[wpocean.com/html/tf/loveme/register.html]
[wpocean.com/html/tf/loveme/forgot.html]
[wpocean.com/html/tf/loveme/coming.html]
[wpocean.com/html/tf/loveme/404.html]
[wpocean.com/html/tf/loveme/portfolio-grid.html]
[wpocean.com/html/tf/loveme/portfolio-mashonary.html]
[wpocean.com/html/tf/loveme/portfolio-mashonary-s2.html]
[wpocean.com/html/tf/loveme/portfolio-single.html]
[wpocean.com/html/tf/loveme/shop.html]
[wpocean.com/html/tf/loveme/shop-single.html]
[wpocean.com/html/tf/loveme/cart.html]
[wpocean.com/html/tf/loveme/wishlist.html]
[wpocean.com/html/tf/loveme/checkout.html]
[wpocean.com/html/tf/loveme/blog-fullwidth.html]
[wpocean.com/html/tf/loveme/blog-single.html]
[wpocean.com/html/tf/loveme/blog-single-left-sidebar.html]
[wpocean.com/html/tf/loveme/blog-single-fullwidth.html]
[wpocean.com/html/tf/loveme/contact.html]
[wpocean.com/html/tf/loveme/assets/images/shop/mini-cart/img-1.jpg]
[wpocean.com/html/tf/loveme/assets/images/shop/mini-cart/img-2.jpg]
[wpocean.com/html/tf/loveme/assets/images/slider/slide-1.jpg]
[wpocean.com/html/tf/loveme/assets/images/slider/slide-2.jpg]
[wpocean.com/html/tf/loveme/assets/images/slider/slide-3.jpg]
[wpocean.com/html/tf/loveme/assets/images/partners/1.png]
[wpocean.com/html/tf/loveme/assets/images/partners/2.png]
[wpocean.com/html/tf/loveme/assets/images/partners/3.png]
[wpocean.com/html/tf/loveme/assets/images/partners/4.png]
[wpocean.com/html/tf/loveme/assets/images/partners/5.png]
[wpocean.com/html/tf/loveme/assets/images/service/img-1.jpg]
[wpocean.com/html/tf/loveme/assets/images/service/img-2.jpg]
[wpocean.com/html/tf/loveme/assets/images/service/img-3.jpg]
[wpocean.com/html/tf/loveme/assets/images/service/img-4.jpg]
[wpocean.com/html/tf/loveme/assets/images/service/img-5.jpg]
[wpocean.com/html/tf/loveme/assets/images/service/img-6.jpg]
[wpocean.com/html/tf/loveme/assets/images/section-title.png]
[wpocean.com/html/tf/loveme/assets/images/cta.jpg]
[wpocean.com/html/tf/loveme/assets/images/f-shape-1.png]
[wpocean.com/html/tf/loveme/assets/images/f-shape-2.png]
[wpocean.com/html/tf/loveme/assets/images/portfolio/1.jpg]
[wpocean.com/html/tf/loveme/assets/images/portfolio/2.jpg]
[wpocean.com/html/tf/loveme/assets/images/portfolio/3.jpg]
[wpocean.com/html/tf/loveme/assets/images/portfolio/4.jpg]
[wpocean.com/html/tf/loveme/assets/images/portfolio/5.jpg]
[wpocean.com/html/tf/loveme/assets/images/portfolio/6.jpg]
[wpocean.com/html/tf/loveme/assets/images/testimonial/l-img.jpg]
[wpocean.com/html/tf/loveme/assets/images/testimonial/shape.png]
[wpocean.com/html/tf/loveme/assets/images/testimonial/img-1.jpg]
[wpocean.com/html/tf/loveme/assets/images/testimonial/img-3.jpg]
[wpocean.com/html/tf/loveme/assets/images/testimonial/img-2.jpg]
[wpocean.com/html/tf/loveme/assets/images/testimonial/shape2.png]
[wpocean.com/html/tf/loveme/assets/images/product/1.jpg]
[wpocean.com/html/tf/loveme/assets/images/product/2.jpg]
[wpocean.com/html/tf/loveme/assets/images/product/3.jpg]
[wpocean.com/html/tf/loveme/assets/images/product/4.jpg]
[wpocean.com/html/tf/loveme/assets/images/product/5.jpg]
[wpocean.com/html/tf/loveme/assets/images/product/6.jpg]
[wpocean.com/html/tf/loveme/assets/images/product/7.jpg]
[wpocean.com/html/tf/loveme/assets/images/product/8.jpg]
[wpocean.com/html/tf/loveme/assets/images/cta/1.png]
[wpocean.com/html/tf/loveme/assets/images/pricing/1.png]
[wpocean.com/html/tf/loveme/assets/images/pricing/2.png]
[wpocean.com/html/tf/loveme/assets/images/pricing/3.png]
[wpocean.com/html/tf/loveme/assets/images/contact/1.png]
[wpocean.com/html/tf/loveme/assets/images/contact/2.png]
[wpocean.com/html/tf/loveme/assets/images/blog/img-1.jpg]
[wpocean.com/html/tf/loveme/assets/images/blog/img-2.jpg]
[wpocean.com/html/tf/loveme/assets/images/blog/img-3.jpg]
[wpocean.com/html/tf/loveme/portfolio.html]
[wpocean.com/html/tf/loveme/assets/images/instragram/1.jpg]
[wpocean.com/html/tf/loveme/assets/images/instragram/2.jpg]
[wpocean.com/html/tf/loveme/assets/images/instragram/3.jpg]
[wpocean.com/html/tf/loveme/assets/images/instragram/4.jpg]
[wpocean.com/html/tf/loveme/assets/images/instragram/5.jpg]
[wpocean.com/html/tf/loveme/assets/images/instragram/6.jpg]
[wpocean.com/html/tf/loveme/assets/js/jquery.min.js]
[wpocean.com/html/tf/loveme/assets/js/bootstrap.bundle.min.js]
[wpocean.com/html/tf/loveme/assets/js/modernizr.custom.js]
[wpocean.com/html/tf/loveme/assets/js/jquery.dlmenu.js]
[wpocean.com/html/tf/loveme/index.html]
[wpocean.com/html/tf/loveme/assets/js/script.js]
[wpocean.com/html/tf/loveme/assets/js/jquery-plugin-collection.js]
[wpocean.com/html/tf/loveme/assets/fonts/themify9f24.eot]
[wpocean.com/html/tf/loveme/assets/fonts/themifyd41d.eot]
[wpocean.com/html/tf/loveme/assets/fonts/themify9f24.woff]
[wpocean.com/html/tf/loveme/assets/fonts/themify9f24.ttf]
[wpocean.com/html/tf/loveme/assets/css/themify-icons.css]
[wpocean.com/html/tf/loveme/assets/fonts/fontawesome-webfont5b62.eot]
[wpocean.com/html/tf/loveme/assets/fonts/fontawesome-webfontd41d.eot]
[wpocean.com/html/tf/loveme/assets/fonts/themify9f24.svg]
[wpocean.com/html/tf/loveme/assets/fonts/fontawesome-webfont5b62.woff2]
[wpocean.com/html/tf/loveme/assets/fonts/fontawesome-webfont5b62.woff]
[wpocean.com/html/tf/loveme/assets/fonts/fontawesome-webfont5b62.ttf]
[wpocean.com/html/tf/loveme/assets/css/font-awesome.min.css]
[wpocean.com/html/tf/loveme/assets/fonts/fontawesome-webfont5b62.svg]
[wpocean.com/html/tf/loveme/assets/fonts/flaticone679.ttf]
[wpocean.com/html/tf/loveme/assets/fonts/flaticone679.woff]
[wpocean.com/html/tf/loveme/assets/fonts/flaticone679.woff2]
[wpocean.com/html/tf/loveme/assets/fonts/flaticone679.eot]
[wpocean.com/html/tf/loveme/assets/css/flaticon.css]
[wpocean.com/html/tf/loveme/assets/css/bootstrap.min.css]
[wpocean.com/html/tf/loveme/assets/css/animate.css]
[wpocean.com/html/tf/loveme/assets/fonts/flaticone679.svg]
[wpocean.com/html/tf/loveme/assets/css/owl.video.play.png]
[wpocean.com/html/tf/loveme/assets/css/owl.carousel.css]
[wpocean.com/html/tf/loveme/assets/css/owl.theme.css]
[wpocean.com/html/tf/loveme/assets/css/slick.css]
[wpocean.com/html/tf/loveme/assets/images/ajax-loader.gif]
[wpocean.com/html/tf/loveme/assets/fonts/slick.eot]
[wpocean.com/html/tf/loveme/assets/fonts/slickd41d.eot]
[wpocean.com/html/tf/loveme/assets/fonts/slick.woff]
[wpocean.com/html/tf/loveme/assets/fonts/slick.ttf]
[wpocean.com/html/tf/loveme/assets/css/slick-theme.css]
[wpocean.com/html/tf/loveme/assets/css/swiper.min.css]
[wpocean.com/html/tf/loveme/assets/css/nice-select.css]
[wpocean.com/html/tf/loveme/assets/css/owl.transitions.css]
[wpocean.com/html/tf/loveme/assets/fonts/slick.svg]
[wpocean.com/html/tf/loveme/assets/images/fancybox/fancybox_sprite.png]
[wpocean.com/html/tf/loveme/assets/images/fancybox/fancybox_loading.gif]
[wpocean.com/html/tf/loveme/assets/images/fancybox/blank.gif]
[wpocean.com/html/tf/loveme/assets/images/fancybox/fancybox_overlay.png]
[wpocean.com/html/tf/loveme/assets/images/fancybox/fancybox_sprite@2x.png]
[wpocean.com/html/tf/loveme/assets/images/fancybox/fancybox_loading@2x.gif]
[wpocean.com/html/tf/loveme/assets/css/jquery.fancybox.css]
[wpocean.com/html/tf/loveme/assets/css/odometer-theme-default.css]
[wpocean.com/html/tf/loveme/assets/fonts/FuturaPT-Demi.woff2]
[wpocean.com/html/tf/loveme/assets/fonts/FuturaPT-Demi.woff]
[wpocean.com/html/tf/loveme/assets/fonts/FuturaPT-Heavy.woff2]
[wpocean.com/html/tf/loveme/assets/fonts/FuturaPT-Heavy.woff]
[wpocean.com/html/tf/loveme/assets/fonts/FuturaPT-Medium.woff2]
[wpocean.com/html/tf/loveme/assets/fonts/FuturaPT-Medium.woff]
[wpocean.com/html/tf/loveme/assets/images/select-icon.png]
[wpocean.com/html/tf/loveme/assets/images/breadcrumb.jpg]
[wpocean.com/html/tf/loveme/assets/images/page-title.jpg]
[wpocean.com/html/tf/loveme/assets/images/bg-2.jpg]
[wpocean.com/html/tf/loveme/assets/images/Single-title-shape2.png]
[wpocean.com/html/tf/loveme/assets/images/slider/shape.png]
[wpocean.com/html/tf/loveme/assets/images/slider/shape2.png]
[wpocean.com/html/tf/loveme/assets/images/clock-bg2.png]
[wpocean.com/html/tf/loveme/assets/images/slider/slide-10.jpg]
[wpocean.com/html/tf/loveme/assets/images/slider/frame.png]
[wpocean.com/html/tf/loveme/assets/images/cta/bg.jpg]
[wpocean.com/html/tf/loveme/assets/images/banner.jpg]
[wpocean.com/html/tf/loveme/assets/images/select-icon2.png]
[wpocean.com/html/tf/loveme/assets/images/cta/bg-2.jpg]
[wpocean.com/html/tf/loveme/assets/images/clock-bg.png]
[wpocean.com/html/tf/loveme/assets/images/cta/bg-3.jpg]
[wpocean.com/html/tf/loveme/assets/images/offer.jpg]
[wpocean.com/html/tf/loveme/assets/css/style.css]
[wpocean.com/html/tf/loveme/assets/images/slider/s1.jpg]
[wpocean.com/html/tf/loveme/assets/images/slider/s2.jpg]
[wpocean.com/html/tf/loveme/assets/images/slider/s3.jpg]
[wpocean.com/html/tf/loveme/assets/images/slider/s4.jpg]
[wpocean.com/html/tf/loveme/assets/images/slider/s5.jpg]
[wpocean.com/html/tf/loveme/assets/images/slider/s6.jpg]
[wpocean.com/html/tf/loveme/assets/images/about/1.png]
[wpocean.com/html/tf/loveme/assets/images/about/2.png]
[wpocean.com/html/tf/loveme/assets/images/about/shape.png]
[wpocean.com/html/tf/loveme/assets/images/about/thumb.png]
[wpocean.com/html/tf/loveme/assets/images/team/img-1.jpg]
[wpocean.com/html/tf/loveme/assets/images/team/img-2.jpg]
[wpocean.com/html/tf/loveme/assets/images/team/img-3.jpg]
[wpocean.com/html/tf/loveme/assets/images/team/img-4.jpg]
[wpocean.com/html/tf/loveme/index-2.html]
[wpocean.com/html/tf/loveme/assets/css/magnific-popup.css]
[wpocean.com/html/tf/loveme/assets/images/slider/slide-4.jpg]
[wpocean.com/html/tf/loveme/assets/images/slider/shape3.png]
[wpocean.com/html/tf/loveme/assets/images/slider/shape4.png]
[wpocean.com/html/tf/loveme/assets/images/slider/slide-5.jpg]
[wpocean.com/html/tf/loveme/assets/images/slider/slide-6.jpg]
[wpocean.com/html/tf/loveme/assets/images/couple/2.jpg]
[wpocean.com/html/tf/loveme/assets/images/couple/1.jpg]
[wpocean.com/html/tf/loveme/assets/images/couple/shape.png]
[wpocean.com/html/tf/loveme/assets/images/couple/3.jpg]
[wpocean.com/html/tf/loveme/assets/images/cta2.jpg]
[wpocean.com/html/tf/loveme/assets/images/section-title2.png]
[wpocean.com/html/tf/loveme/assets/images/story/1.jpg]
[wpocean.com/html/tf/loveme/assets/images/story/shape.png]
[wpocean.com/html/tf/loveme/assets/images/story/2.jpg]
[wpocean.com/html/tf/loveme/assets/images/story/3.jpg]
[wpocean.com/html/tf/loveme/assets/images/story/4.jpg]
[wpocean.com/html/tf/loveme/assets/images/portfolio/7.jpg]
[wpocean.com/html/tf/loveme/assets/images/portfolio/8.jpg]
[wpocean.com/html/tf/loveme/assets/images/portfolio/9.jpg]
[wpocean.com/html/tf/loveme/assets/images/portfolio/10.jpg]
[wpocean.com/html/tf/loveme/assets/images/portfolio/11.jpg]
[wpocean.com/html/tf/loveme/assets/images/portfolio/12.jpg]
[wpocean.com/html/tf/loveme/assets/images/event-shape-1.png]
[wpocean.com/html/tf/loveme/assets/images/event-shape-2.png]
[wpocean.com/html/tf/loveme/index-3.html]
[wpocean.com/html/tf/loveme/assets/images/slider/shape5.png]
[wpocean.com/html/tf/loveme/assets/images/slider/couple.png]
[wpocean.com/html/tf/loveme/assets/images/slider/shape6.png]
[wpocean.com/html/tf/loveme/assets/images/slider/flower1.png]
[wpocean.com/html/tf/loveme/assets/images/slider/flower2.png]
[wpocean.com/html/tf/loveme/assets/images/portfolio/13.jpg]
[wpocean.com/html/tf/loveme/assets/images/portfolio/14.jpg]
[wpocean.com/html/tf/loveme/index-4.html]
[wpocean.com/html/tf/loveme/assets/images/logo-2.png]
[wpocean.com/html/tf/loveme/assets/images/slider/slide-7.jpg]
[wpocean.com/html/tf/loveme/assets/images/slider/slide-8.jpg]
[wpocean.com/html/tf/loveme/assets/images/slider/slide-9.jpg]
[wpocean.com/html/tf/loveme/index-5.html]
[wpocean.com/html/tf/loveme/assets/images/slider/slide-11.jpg]
[wpocean.com/html/tf/loveme/assets/images/slider/slide-12.jpg]
[wpocean.com/html/tf/loveme/assets/images/slider/slide-13.jpg]
[wpocean.com/html/tf/loveme/assets/images/slider/slide-14.jpg]
[wpocean.com/html/tf/loveme/assets/images/product/9.jpg]
[wpocean.com/html/tf/loveme/assets/images/product/10.jpg]
[wpocean.com/html/tf/loveme/assets/images/product/11.jpg]
[wpocean.com/html/tf/loveme/assets/images/product/12.jpg]
[wpocean.com/html/tf/loveme/assets/images/product/13.jpg]
[wpocean.com/html/tf/loveme/assets/images/category/1.jpg]
[wpocean.com/html/tf/loveme/assets/images/category/2.jpg]
[wpocean.com/html/tf/loveme/assets/images/category/3.jpg]
[wpocean.com/html/tf/loveme/index-7.html]
[wpocean.com/html/tf/loveme/index-6.html]
[wpocean.com/html/tf/loveme/about.html]
[wpocean.com/html/tf/loveme/story.html]
[wpocean.com/html/tf/loveme/accomodation.html]
[wpocean.com/html/tf/loveme/rsvp.html]
[wpocean.com/html/tf/loveme/gallery.html]
[wpocean.com/html/tf/loveme/planner.html]
[wpocean.com/html/tf/loveme/assets/images/at-single.jpg]
[wpocean.com/html/tf/loveme/team-single.html]
[wpocean.com/html/tf/loveme/assets/images/team/img-5.jpg]
[wpocean.com/html/tf/loveme/assets/images/team/img-6.jpg]
[wpocean.com/html/tf/loveme/assets/images/team/img-7.jpg]
[wpocean.com/html/tf/loveme/assets/images/team/img-8.jpg]
[wpocean.com/html/tf/loveme/groom-bride.html]
[wpocean.com/html/tf/loveme/service.html]
[wpocean.com/html/tf/loveme/service-s2.html]
[wpocean.com/html/tf/loveme/assets/images/service-single/1.jpg]
[wpocean.com/html/tf/loveme/assets/images/service-single/2.jpg]
[wpocean.com/html/tf/loveme/assets/images/service-single/3.jpg]
[wpocean.com/html/tf/loveme/service-single.html]
[wpocean.com/html/tf/loveme/pricing.html]
[wpocean.com/html/tf/loveme/assets/css/auth-pages.css]
[wpocean.com/html/tf/loveme/login.html]
[wpocean.com/html/tf/loveme/register.html]
[wpocean.com/html/tf/loveme/forgot.html]
[wpocean.com/html/tf/loveme/coming.html]
[wpocean.com/html/tf/loveme/assets/images/login.svg]
[wpocean.com/html/tf/loveme/assets/images/error-404.png]
[wpocean.com/html/tf/loveme/404.html]
[wpocean.com/html/tf/loveme/portfolio-grid.html]
[wpocean.com/html/tf/loveme/assets/images/portfolio/15.jpg]
[wpocean.com/html/tf/loveme/assets/images/portfolio/16.jpg]
[wpocean.com/html/tf/loveme/assets/images/portfolio/17.jpg]
[wpocean.com/html/tf/loveme/portfolio-mashonary.html]
[wpocean.com/html/tf/loveme/portfolio-mashonary-s2.html]
[wpocean.com/html/tf/loveme/assets/images/portfolio-single/1.jpg]
[wpocean.com/html/tf/loveme/assets/images/portfolio-single/2.jpg]
[wpocean.com/html/tf/loveme/assets/images/portfolio-single/3.jpg]
[wpocean.com/html/tf/loveme/assets/images/portfolio-single/4.jpg]
[wpocean.com/html/tf/loveme/portfolio-single.html]
[wpocean.com/html/tf/loveme/assets/css/jquery-ui.css]
[wpocean.com/html/tf/loveme/assets/images/product/14.jpg]
[wpocean.com/html/tf/loveme/assets/images/product/15.jpg]
[wpocean.com/html/tf/loveme/assets/images/product/16.jpg]
[wpocean.com/html/tf/loveme/assets/images/product/17.jpg]
[wpocean.com/html/tf/loveme/assets/images/best-seller/1.jpg]
[wpocean.com/html/tf/loveme/assets/images/best-seller/2.jpg]
[wpocean.com/html/tf/loveme/assets/images/best-seller/3.jpg]
[wpocean.com/html/tf/loveme/shop.html]
[wpocean.com/html/tf/loveme/assets/images/shop/shop-single/thumb/img-1.jpg]
[wpocean.com/html/tf/loveme/assets/images/shop/shop-single/thumb/img-2.jpg]
[wpocean.com/html/tf/loveme/assets/images/shop/shop-single/thumb/img-3.jpg]
[wpocean.com/html/tf/loveme/assets/images/shop/shop-single/thumb/img-4.jpg]
[wpocean.com/html/tf/loveme/assets/images/shop/shop-single/1.jpg]
[wpocean.com/html/tf/loveme/assets/images/shop/shop-single/2.jpg]
[wpocean.com/html/tf/loveme/assets/images/shop/shop-single/3.jpg]
[wpocean.com/html/tf/loveme/assets/images/shop/shop-single/4.jpg]
[wpocean.com/html/tf/loveme/assets/images/shop/shop-single/review/img-1.jpg]
[wpocean.com/html/tf/loveme/assets/images/shop/shop-single/review/img-2.jpg]
[wpocean.com/html/tf/loveme/shop-single.html]
[wpocean.com/html/tf/loveme/assets/images/cart/img-1.jpg]
[wpocean.com/html/tf/loveme/assets/images/cart/img-2.jpg]
[wpocean.com/html/tf/loveme/assets/images/cart/img-3.jpg]
[wpocean.com/html/tf/loveme/assets/images/cart/img-4.jpg]
[wpocean.com/html/tf/loveme/assets/images/cart/img-5.jpg]
[wpocean.com/html/tf/loveme/cart.html]
[wpocean.com/html/tf/loveme/wishlist.html]
[wpocean.com/html/tf/loveme/assets/images/checkout/img-1.png]
[wpocean.com/html/tf/loveme/assets/images/checkout/img-2.png]
[wpocean.com/html/tf/loveme/assets/images/checkout/img-3.png]
[wpocean.com/html/tf/loveme/assets/images/checkout/img-4.png]
[wpocean.com/html/tf/loveme/checkout.html]
[wpocean.com/html/tf/loveme/blog.html]
[wpocean.com/html/tf/loveme/blog-left-sidebar.html]
[wpocean.com/html/tf/loveme/assets/images/blog/img-4.jpg]
[wpocean.com/html/tf/loveme/assets/images/blog/img-5.jpg]
[wpocean.com/html/tf/loveme/assets/images/blog/img-6.jpg]
[wpocean.com/html/tf/loveme/blog-fullwidth.html]
[wpocean.com/html/tf/loveme/assets/images/blog-details/1.jpg]
[wpocean.com/html/tf/loveme/assets/images/blog-details/2.jpg]
[wpocean.com/html/tf/loveme/assets/images/blog-details/author.jpg]
[wpocean.com/html/tf/loveme/assets/images/blog-details/comments-author/img-1.jpg]
[wpocean.com/html/tf/loveme/assets/images/blog-details/comments-author/img-2.jpg]
[wpocean.com/html/tf/loveme/assets/images/blog-details/comments-author/img-3.jpg]
[wpocean.com/html/tf/loveme/assets/images/blog/about-widget.jpg]
[wpocean.com/html/tf/loveme/assets/images/blog/ab.png]
[wpocean.com/html/tf/loveme/assets/images/recent-posts/img-1.jpg]
[wpocean.com/html/tf/loveme/assets/images/recent-posts/img-2.jpg]
[wpocean.com/html/tf/loveme/assets/images/recent-posts/img-3.jpg]
[wpocean.com/html/tf/loveme/blog-single.html]
[wpocean.com/html/tf/loveme/blog-single-left-sidebar.html]
[wpocean.com/html/tf/loveme/blog-single-fullwidth.html]
[wpocean.com/html/tf/loveme/contact.html]
[wpocean.com/html/tf/loveme/portfolio.html]
[wpocean.com/html/tf/loveme/assets/fonts/themify9f24.svg]
[wpocean.com/html/tf/loveme/assets/fonts/fontawesome-webfont5b62.svg]
[wpocean.com/html/tf/loveme/assets/fonts/flaticone679.svg]
[wpocean.com/html/tf/loveme/assets/css/owl.video.play.html]
[wpocean.com/html/tf/loveme/assets/fonts/slick.svg]
[wpocean.com/html/tf/loveme/assets/images/bg-2.html]
[wpocean.com/html/tf/loveme/assets/images/Single-title-shape2.html]
[wpocean.com/html/tf/loveme/assets/css/magnific-popup.css]
[wpocean.com/html/tf/loveme/assets/css/auth-pages.css]
[wpocean.com/html/tf/loveme/assets/images/login.svg]
[wpocean.com/html/tf/loveme/assets/css/images/ui-bg_flat_75_ffffff_40x100.png]
[wpocean.com/html/tf/loveme/assets/images/ui-bg_highlight-soft_75_cccccc_1x100.png]
[wpocean.com/html/tf/loveme/assets/css/images/ui-bg_glass_75_e6e6e6_1x400.png]
[wpocean.com/html/tf/loveme/assets/css/images/ui-bg_glass_75_dadada_1x400.png]
[wpocean.com/html/tf/loveme/assets/css/images/ui-bg_glass_65_ffffff_1x400.png]
[wpocean.com/html/tf/loveme/assets/css/images/ui-bg_glass_55_fbf9ee_1x400.png]
[wpocean.com/html/tf/loveme/assets/css/images/ui-bg_glass_95_fef1ec_1x400.png]
[wpocean.com/html/tf/loveme/assets/css/images/ui-icons_222222_256x240.png]
[wpocean.com/html/tf/loveme/assets/css/images/ui-icons_888888_256x240.png]
[wpocean.com/html/tf/loveme/assets/css/images/ui-icons_454545_256x240.png]
[wpocean.com/html/tf/loveme/assets/css/images/ui-icons_2e83ff_256x240.png]
[wpocean.com/html/tf/loveme/assets/css/images/ui-icons_cd0a0a_256x240.png]
[wpocean.com/html/tf/loveme/assets/css/images/ui-bg_flat_0_aaaaaa_40x100.png]
[wpocean.com/html/tf/loveme/assets/css/jquery-ui.css]
[wpocean.com/html/tf/loveme/assets/css/images/ui-bg_flat_75_ffffff_40x100.html]
[wpocean.com/html/tf/loveme/assets/css/images/ui-bg_glass_75_e6e6e6_1x400.html]
[wpocean.com/html/tf/loveme/assets/css/images/ui-bg_glass_75_dadada_1x400.html]
[wpocean.com/html/tf/loveme/assets/css/images/ui-bg_glass_65_ffffff_1x400.html]
[wpocean.com/html/tf/loveme/assets/css/images/ui-bg_glass_55_fbf9ee_1x400.html]
[wpocean.com/html/tf/loveme/assets/css/images/ui-bg_glass_95_fef1ec_1x400.html]
[wpocean.com/html/tf/loveme/assets/css/images/ui-icons_222222_256x240.html]
[wpocean.com/html/tf/loveme/assets/css/images/ui-icons_888888_256x240.html]
[wpocean.com/html/tf/loveme/assets/css/images/ui-icons_454545_256x240.html]
[wpocean.com/html/tf/loveme/assets/css/images/ui-icons_2e83ff_256x240.html]
[wpocean.com/html/tf/loveme/assets/css/images/ui-icons_cd0a0a_256x240.html]
[wpocean.com/html/tf/loveme/assets/css/images/ui-bg_flat_0_aaaaaa_40x100.html]
